Threads=16
LoadTime(s)=0.0199401
CODE_EXECUTION_TIME(s)=0.371852
RESULT=96615211
Throughput=2.59821e+08
VertexSetAllocated=1.02 MB
MiniGraphAllocated=3.58 MB
	Command being timed: "./bin/runner 16 /home/williamp/thesis_data/snap_format/dblp/"
	User time (seconds): 5.88
	System time (seconds): 0.04
	Percent of CPU this job got: 1485%
	Elapsed (wall clock) time (h:mm:ss or m:ss): 0:00.39
	Average shared text size (kbytes): 0
	Average unshared data size (kbytes): 0
	Average stack size (kbytes): 0
	Average total size (kbytes): 0
	Maximum resident set size (kbytes): 23216
	Average resident set size (kbytes): 0
	Major (requiring I/O) page faults: 0
	Minor (reclaiming a frame) page faults: 5318
	Voluntary context switches: 122
	Involuntary context switches: 19
	Swaps: 0
	File system inputs: 0
	File system outputs: 8
	Socket messages sent: 0
	Socket messages received: 0
	Signals delivered: 0
	Page size (bytes): 4096
	Exit status: 0
