Threads=16
LoadTime(s)=0.0172346
CODE_EXECUTION_TIME(s)=0.23209
RESULT=4764685
Throughput=2.05295e+07
VertexSetAllocated=0.00 Bytes
MiniGraphAllocated=4.15 MB
	Command being timed: "./bin/runner 16 /home/williamp/thesis_data/snap_format/dblp/"
	User time (seconds): 3.65
	System time (seconds): 0.03
	Percent of CPU this job got: 1440%
	Elapsed (wall clock) time (h:mm:ss or m:ss): 0:00.25
	Average shared text size (kbytes): 0
	Average unshared data size (kbytes): 0
	Average stack size (kbytes): 0
	Average total size (kbytes): 0
	Maximum resident set size (kbytes): 24308
	Average resident set size (kbytes): 0
	Major (requiring I/O) page faults: 0
	Minor (reclaiming a frame) page faults: 5522
	Voluntary context switches: 138
	Involuntary context switches: 5
	Swaps: 0
	File system inputs: 0
	File system outputs: 8
	Socket messages sent: 0
	Socket messages received: 0
	Signals delivered: 0
	Page size (bytes): 4096
	Exit status: 0
