Threads=32
LoadTime(s)=0.0194768
CODE_EXECUTION_TIME(s)=0.241639
RESULT=258570802
Throughput=1.07007e+09
VertexSetAllocated=2.04 MB
MiniGraphAllocated=3.02 MB
	Command being timed: "./bin/runner 32 /home/williamp/thesis_data/snap_format/dblp/"
	User time (seconds): 7.51
	System time (seconds): 0.09
	Percent of CPU this job got: 2818%
	Elapsed (wall clock) time (h:mm:ss or m:ss): 0:00.27
	Average shared text size (kbytes): 0
	Average unshared data size (kbytes): 0
	Average stack size (kbytes): 0
	Average total size (kbytes): 0
	Maximum resident set size (kbytes): 25068
	Average resident set size (kbytes): 0
	Major (requiring I/O) page faults: 0
	Minor (reclaiming a frame) page faults: 5422
	Voluntary context switches: 308
	Involuntary context switches: 12
	Swaps: 0
	File system inputs: 0
	File system outputs: 8
	Socket messages sent: 0
	Socket messages received: 0
	Signals delivered: 0
	Page size (bytes): 4096
	Exit status: 0
