Threads=1
LoadTime(s)=0.0198163
CODE_EXECUTION_TIME(s)=4.92134
RESULT=252447350
Throughput=5.12964e+07
VertexSetAllocated=130.40 KB
MiniGraphAllocated=0.00 Bytes
	Command being timed: "./bin/runner 1 /home/williamp/thesis_data/snap_format/dblp/"
	User time (seconds): 4.91
	System time (seconds): 0.02
	Percent of CPU this job got: 99%
	Elapsed (wall clock) time (h:mm:ss or m:ss): 0:04.94
	Average shared text size (kbytes): 0
	Average unshared data size (kbytes): 0
	Average stack size (kbytes): 0
	Average total size (kbytes): 0
	Maximum resident set size (kbytes): 21196
	Average resident set size (kbytes): 0
	Major (requiring I/O) page faults: 0
	Minor (reclaiming a frame) page faults: 9681
	Voluntary context switches: 4
	Involuntary context switches: 9
	Swaps: 0
	File system inputs: 0
	File system outputs: 8
	Socket messages sent: 0
	Socket messages received: 0
	Signals delivered: 0
	Page size (bytes): 4096
	Exit status: 0
