Threads=32
LoadTime(s)=0.0189184
CODE_EXECUTION_TIME(s)=0.206686
RESULT=96615211
Throughput=4.67448e+08
VertexSetAllocated=2.04 MB
MiniGraphAllocated=7.75 MB
	Command being timed: "./bin/runner 32 /home/williamp/thesis_data/snap_format/dblp/"
	User time (seconds): 6.47
	System time (seconds): 0.04
	Percent of CPU this job got: 2796%
	Elapsed (wall clock) time (h:mm:ss or m:ss): 0:00.23
	Average shared text size (kbytes): 0
	Average unshared data size (kbytes): 0
	Average stack size (kbytes): 0
	Average total size (kbytes): 0
	Maximum resident set size (kbytes): 25940
	Average resident set size (kbytes): 0
	Major (requiring I/O) page faults: 0
	Minor (reclaiming a frame) page faults: 6531
	Voluntary context switches: 379
	Involuntary context switches: 8
	Swaps: 0
	File system inputs: 0
	File system outputs: 8
	Socket messages sent: 0
	Socket messages received: 0
	Signals delivered: 0
	Page size (bytes): 4096
	Exit status: 0
