Threads=64
LoadTime(s)=0.0189342
CODE_EXECUTION_TIME(s)=0.0519169
RESULT=16713192
Throughput=3.21922e+08
VertexSetAllocated=0.00 Bytes
MiniGraphAllocated=4.51 MB
	Command being timed: "./bin/runner 64 /home/williamp/thesis_data/snap_format/dblp/"
	User time (seconds): 2.73
	System time (seconds): 0.12
	Percent of CPU this job got: 3671%
	Elapsed (wall clock) time (h:mm:ss or m:ss): 0:00.07
	Average shared text size (kbytes): 0
	Average unshared data size (kbytes): 0
	Average stack size (kbytes): 0
	Average total size (kbytes): 0
	Maximum resident set size (kbytes): 28072
	Average resident set size (kbytes): 0
	Major (requiring I/O) page faults: 0
	Minor (reclaiming a frame) page faults: 5939
	Voluntary context switches: 595
	Involuntary context switches: 4
	Swaps: 0
	File system inputs: 0
	File system outputs: 8
	Socket messages sent: 0
	Socket messages received: 0
	Signals delivered: 0
	Page size (bytes): 4096
	Exit status: 0
