Threads=64
LoadTime(s)=0.0199459
CODE_EXECUTION_TIME(s)=0.141408
RESULT=252447350
Throughput=1.78524e+09
VertexSetAllocated=8.15 MB
MiniGraphAllocated=0.00 Bytes
	Command being timed: "./bin/runner 64 /home/williamp/thesis_data/snap_format/dblp/"
	User time (seconds): 8.36
	System time (seconds): 0.14
	Percent of CPU this job got: 5066%
	Elapsed (wall clock) time (h:mm:ss or m:ss): 0:00.16
	Average shared text size (kbytes): 0
	Average unshared data size (kbytes): 0
	Average stack size (kbytes): 0
	Average total size (kbytes): 0
	Maximum resident set size (kbytes): 25048
	Average resident set size (kbytes): 0
	Major (requiring I/O) page faults: 3
	Minor (reclaiming a frame) page faults: 5227
	Voluntary context switches: 708
	Involuntary context switches: 119
	Swaps: 0
	File system inputs: 0
	File system outputs: 8
	Socket messages sent: 0
	Socket messages received: 0
	Signals delivered: 0
	Page size (bytes): 4096
	Exit status: 0
