Threads=64
LoadTime(s)=0.0199063
CODE_EXECUTION_TIME(s)=0.138252
RESULT=96615211
Throughput=6.98836e+08
VertexSetAllocated=4.07 MB
MiniGraphAllocated=12.17 MB
	Command being timed: "./bin/runner 64 /home/williamp/thesis_data/snap_format/dblp/"
	User time (seconds): 8.13
	System time (seconds): 0.20
	Percent of CPU this job got: 5056%
	Elapsed (wall clock) time (h:mm:ss or m:ss): 0:00.16
	Average shared text size (kbytes): 0
	Average unshared data size (kbytes): 0
	Average stack size (kbytes): 0
	Average total size (kbytes): 0
	Maximum resident set size (kbytes): 33996
	Average resident set size (kbytes): 0
	Major (requiring I/O) page faults: 0
	Minor (reclaiming a frame) page faults: 8010
	Voluntary context switches: 818
	Involuntary context switches: 58
	Swaps: 0
	File system inputs: 0
	File system outputs: 8
	Socket messages sent: 0
	Socket messages received: 0
	Signals delivered: 0
	Page size (bytes): 4096
	Exit status: 0
