Threads=16
LoadTime(s)=0.019529
CODE_EXECUTION_TIME(s)=0.360212
RESULT=96615211
Throughput=2.68218e+08
VertexSetAllocated=1.02 MB
MiniGraphAllocated=3.50 MB
	Command being timed: "./bin/runner 16 /home/williamp/thesis_data/snap_format/dblp/"
	User time (seconds): 5.72
	System time (seconds): 0.02
	Percent of CPU this job got: 1486%
	Elapsed (wall clock) time (h:mm:ss or m:ss): 0:00.38
	Average shared text size (kbytes): 0
	Average unshared data size (kbytes): 0
	Average stack size (kbytes): 0
	Average total size (kbytes): 0
	Maximum resident set size (kbytes): 22988
	Average resident set size (kbytes): 0
	Major (requiring I/O) page faults: 0
	Minor (reclaiming a frame) page faults: 5300
	Voluntary context switches: 175
	Involuntary context switches: 17
	Swaps: 0
	File system inputs: 0
	File system outputs: 8
	Socket messages sent: 0
	Socket messages received: 0
	Signals delivered: 0
	Page size (bytes): 4096
	Exit status: 0
