Threads=64
LoadTime(s)=0.0200751
CODE_EXECUTION_TIME(s)=0.157842
RESULT=258570802
Throughput=1.63817e+09
VertexSetAllocated=4.07 MB
MiniGraphAllocated=6.14 MB
	Command being timed: "./bin/runner 64 /home/williamp/thesis_data/snap_format/dblp/"
	User time (seconds): 9.42
	System time (seconds): 0.12
	Percent of CPU this job got: 5161%
	Elapsed (wall clock) time (h:mm:ss or m:ss): 0:00.18
	Average shared text size (kbytes): 0
	Average unshared data size (kbytes): 0
	Average stack size (kbytes): 0
	Average total size (kbytes): 0
	Maximum resident set size (kbytes): 29616
	Average resident set size (kbytes): 0
	Major (requiring I/O) page faults: 0
	Minor (reclaiming a frame) page faults: 6561
	Voluntary context switches: 836
	Involuntary context switches: 180
	Swaps: 0
	File system inputs: 0
	File system outputs: 8
	Socket messages sent: 0
	Socket messages received: 0
	Signals delivered: 0
	Page size (bytes): 4096
	Exit status: 0
