Assertion failed: (std::filesystem::is_regular_file(path) && "Meta file does not exists"), function read, file meta.cpp, line 34.
time: command terminated abnormally
        0.01 real         0.00 user         0.00 sys
             2785280  maximum resident set size
                   0  average shared memory size
                   0  average unshared data size
                   0  average unshared stack size
                 271  page reclaims
                   1  page faults
                   0  swaps
                   0  block input operations
                   0  block output operations
                   0  messages sent
                   0  messages received
                   0  signals received
                   0  voluntary context switches
                   7  involuntary context switches
            24481632  instructions retired
             7080687  cycles elapsed
             1376768  peak memory footprint
Threads=8
