Assertion failed: (std::filesystem::is_regular_file(path) && "Meta file does not exists"), function read, file meta.cpp, line 34.
time: command terminated abnormally
        0.32 real         0.00 user         0.00 sys
             2834432  maximum resident set size
                   0  average shared memory size
                   0  average unshared data size
                   0  average unshared stack size
                 232  page reclaims
                  41  page faults
                   0  swaps
                   0  block input operations
                   0  block output operations
                   0  messages sent
                   0  messages received
                   0  signals received
                  15  voluntary context switches
                  46  involuntary context switches
            29953904  instructions retired
            10723274  cycles elapsed
             1425920  peak memory footprint
Threads=1
