        0.02 real         0.12 user         0.00 sys
             4734976  maximum resident set size
                   0  average shared memory size
                   0  average unshared data size
                   0  average unshared stack size
                 405  page reclaims
                   1  page faults
                   0  swaps
                   0  block input operations
                   0  block output operations
                   0  messages sent
                   0  messages received
                   0  signals received
                   0  voluntary context switches
                 248  involuntary context switches
           762313916  instructions retired
           277591338  cycles elapsed
             3375680  peak memory footprint
Threads=8
LoadTime(s)=0.0010155
CODE_EXECUTION_TIME(s)=0.0205312
RESULT=608389
Throughput=2.96325e+07
VertexSetAllocated=0.00 Bytes
MiniGraphAllocated=0.00 Bytes
