        5.28 real         0.11 user         0.00 sys
             4358144  maximum resident set size
                   0  average shared memory size
                   0  average unshared data size
                   0  average unshared stack size
                 337  page reclaims
                  45  page faults
                   0  swaps
                   0  block input operations
                   0  block output operations
                   0  messages sent
                   0  messages received
                   0  signals received
                  26  voluntary context switches
                 245  involuntary context switches
           767678167  instructions retired
           240444303  cycles elapsed
             3064640  peak memory footprint
Threads=1
LoadTime(s)=0.00686563
CODE_EXECUTION_TIME(s)=0.117699
RESULT=608389
Throughput=5.16901e+06
VertexSetAllocated=0.00 Bytes
MiniGraphAllocated=0.00 Bytes
