        0.04 real         0.12 user         0.00 sys
             4390912  maximum resident set size
                   0  average shared memory size
                   0  average unshared data size
                   0  average unshared stack size
                 382  page reclaims
                   1  page faults
                   0  swaps
                   0  block input operations
                   0  block output operations
                   0  messages sent
                   0  messages received
                   0  signals received
                   2  voluntary context switches
                 963  involuntary context switches
           765592514  instructions retired
           276649951  cycles elapsed
             3015168  peak memory footprint
Threads=4
LoadTime(s)=0.00132288
CODE_EXECUTION_TIME(s)=0.0361885
RESULT=608389
Throughput=1.68116e+07
VertexSetAllocated=0.00 Bytes
MiniGraphAllocated=0.00 Bytes
