Threads=4
LoadTime(s)=0.0175624
CODE_EXECUTION_TIME(s)=1.3649
RESULT=96615211
Throughput=7.07854e+07
VertexSetAllocated=260.80 KB
MiniGraphAllocated=834.51 KB
	Command being timed: "./bin/runner 4 /home/williamp/thesis_data/snap_format/dblp/"
	User time (seconds): 5.45
	System time (seconds): 0.02
	Percent of CPU this job got: 394%
	Elapsed (wall clock) time (h:mm:ss or m:ss): 0:01.38
	Average shared text size (kbytes): 0
	Average unshared data size (kbytes): 0
	Average stack size (kbytes): 0
	Average total size (kbytes): 0
	Maximum resident set size (kbytes): 21760
	Average resident set size (kbytes): 0
	Major (requiring I/O) page faults: 0
	Minor (reclaiming a frame) page faults: 7324
	Voluntary context switches: 6
	Involuntary context switches: 6
	Swaps: 0
	File system inputs: 0
	File system outputs: 8
	Socket messages sent: 0
	Socket messages received: 0
	Signals delivered: 0
	Page size (bytes): 4096
	Exit status: 0
