Threads=32
LoadTime(s)=0.0191596
CODE_EXECUTION_TIME(s)=0.0628464
RESULT=16713192
Throughput=2.65937e+08
VertexSetAllocated=0.00 Bytes
MiniGraphAllocated=2.99 MB
	Command being timed: "./bin/runner 32 /home/williamp/thesis_data/snap_format/dblp/"
	User time (seconds): 1.84
	System time (seconds): 0.04
	Percent of CPU this job got: 2119%
	Elapsed (wall clock) time (h:mm:ss or m:ss): 0:00.08
	Average shared text size (kbytes): 0
	Average unshared data size (kbytes): 0
	Average stack size (kbytes): 0
	Average total size (kbytes): 0
	Maximum resident set size (kbytes): 25348
	Average resident set size (kbytes): 0
	Major (requiring I/O) page faults: 0
	Minor (reclaiming a frame) page faults: 5306
	Voluntary context switches: 266
	Involuntary context switches: 5
	Swaps: 0
	File system inputs: 0
	File system outputs: 8
	Socket messages sent: 0
	Socket messages received: 0
	Signals delivered: 0
	Page size (bytes): 4096
	Exit status: 0
