Threads=16
LoadTime(s)=0.0199627
CODE_EXECUTION_TIME(s)=0.0971506
RESULT=16713192
Throughput=1.72034e+08
VertexSetAllocated=0.00 Bytes
MiniGraphAllocated=1.56 MB
	Command being timed: "./bin/runner 16 /home/williamp/thesis_data/snap_format/dblp/"
	User time (seconds): 1.49
	System time (seconds): 0.04
	Percent of CPU this job got: 1233%
	Elapsed (wall clock) time (h:mm:ss or m:ss): 0:00.12
	Average shared text size (kbytes): 0
	Average unshared data size (kbytes): 0
	Average stack size (kbytes): 0
	Average total size (kbytes): 0
	Maximum resident set size (kbytes): 23304
	Average resident set size (kbytes): 0
	Major (requiring I/O) page faults: 0
	Minor (reclaiming a frame) page faults: 4810
	Voluntary context switches: 128
	Involuntary context switches: 5
	Swaps: 0
	File system inputs: 0
	File system outputs: 8
	Socket messages sent: 0
	Socket messages received: 0
	Signals delivered: 0
	Page size (bytes): 4096
	Exit status: 0
