Threads=4
LoadTime(s)=0.0177078
CODE_EXECUTION_TIME(s)=1.37543
RESULT=96615211
Throughput=7.02434e+07
VertexSetAllocated=260.80 KB
MiniGraphAllocated=835.90 KB
	Command being timed: "./bin/runner 4 /home/williamp/thesis_data/snap_format/dblp/"
	User time (seconds): 5.49
	System time (seconds): 0.02
	Percent of CPU this job got: 394%
	Elapsed (wall clock) time (h:mm:ss or m:ss): 0:01.40
	Average shared text size (kbytes): 0
	Average unshared data size (kbytes): 0
	Average stack size (kbytes): 0
	Average total size (kbytes): 0
	Maximum resident set size (kbytes): 21836
	Average resident set size (kbytes): 0
	Major (requiring I/O) page faults: 0
	Minor (reclaiming a frame) page faults: 7371
	Voluntary context switches: 9
	Involuntary context switches: 8
	Swaps: 0
	File system inputs: 0
	File system outputs: 8
	Socket messages sent: 0
	Socket messages received: 0
	Signals delivered: 0
	Page size (bytes): 4096
	Exit status: 0
