Threads=64
LoadTime(s)=0.0191238
CODE_EXECUTION_TIME(s)=0.149862
RESULT=96615211
Throughput=6.44695e+08
VertexSetAllocated=4.07 MB
MiniGraphAllocated=10.72 MB
	Command being timed: "./bin/runner 64 /home/williamp/thesis_data/snap_format/dblp/"
	User time (seconds): 8.86
	System time (seconds): 0.10
	Percent of CPU this job got: 5094%
	Elapsed (wall clock) time (h:mm:ss or m:ss): 0:00.17
	Average shared text size (kbytes): 0
	Average unshared data size (kbytes): 0
	Average stack size (kbytes): 0
	Average total size (kbytes): 0
	Maximum resident set size (kbytes): 28392
	Average resident set size (kbytes): 0
	Major (requiring I/O) page faults: 0
	Minor (reclaiming a frame) page faults: 7641
	Voluntary context switches: 862
	Involuntary context switches: 17
	Swaps: 0
	File system inputs: 0
	File system outputs: 16
	Socket messages sent: 0
	Socket messages received: 0
	Signals delivered: 0
	Page size (bytes): 4096
	Exit status: 0
