Threads=64
LoadTime(s)=0.0198511
CODE_EXECUTION_TIME(s)=0.0985433
RESULT=4764685
Throughput=4.83512e+07
VertexSetAllocated=0.00 Bytes
MiniGraphAllocated=11.72 MB
	Command being timed: "./bin/runner 64 /home/williamp/thesis_data/snap_format/dblp/"
	User time (seconds): 5.62
	System time (seconds): 0.12
	Percent of CPU this job got: 4529%
	Elapsed (wall clock) time (h:mm:ss or m:ss): 0:00.12
	Average shared text size (kbytes): 0
	Average unshared data size (kbytes): 0
	Average stack size (kbytes): 0
	Average total size (kbytes): 0
	Maximum resident set size (kbytes): 31832
	Average resident set size (kbytes): 0
	Major (requiring I/O) page faults: 0
	Minor (reclaiming a frame) page faults: 7948
	Voluntary context switches: 927
	Involuntary context switches: 7
	Swaps: 0
	File system inputs: 0
	File system outputs: 8
	Socket messages sent: 0
	Socket messages received: 0
	Signals delivered: 0
	Page size (bytes): 4096
	Exit status: 0
