Threads=4
LoadTime(s)=0.0197244
CODE_EXECUTION_TIME(s)=0.296206
RESULT=16713192
Throughput=5.64243e+07
VertexSetAllocated=0.00 Bytes
MiniGraphAllocated=403.22 KB
	Command being timed: "./bin/runner 4 /home/williamp/thesis_data/snap_format/dblp/"
	User time (seconds): 1.18
	System time (seconds): 0.02
	Percent of CPU this job got: 373%
	Elapsed (wall clock) time (h:mm:ss or m:ss): 0:00.32
	Average shared text size (kbytes): 0
	Average unshared data size (kbytes): 0
	Average stack size (kbytes): 0
	Average total size (kbytes): 0
	Maximum resident set size (kbytes): 21632
	Average resident set size (kbytes): 0
	Major (requiring I/O) page faults: 0
	Minor (reclaiming a frame) page faults: 4388
	Voluntary context switches: 10
	Involuntary context switches: 4
	Swaps: 0
	File system inputs: 0
	File system outputs: 8
	Socket messages sent: 0
	Socket messages received: 0
	Signals delivered: 0
	Page size (bytes): 4096
	Exit status: 0
