Threads=64
LoadTime(s)=0.0198009
CODE_EXECUTION_TIME(s)=0.0541653
RESULT=16713192
Throughput=3.08559e+08
VertexSetAllocated=0.00 Bytes
MiniGraphAllocated=4.23 MB
	Command being timed: "./bin/runner 64 /home/williamp/thesis_data/snap_format/dblp/"
	User time (seconds): 2.73
	System time (seconds): 0.26
	Percent of CPU this job got: 3657%
	Elapsed (wall clock) time (h:mm:ss or m:ss): 0:00.08
	Average shared text size (kbytes): 0
	Average unshared data size (kbytes): 0
	Average stack size (kbytes): 0
	Average total size (kbytes): 0
	Maximum resident set size (kbytes): 27608
	Average resident set size (kbytes): 0
	Major (requiring I/O) page faults: 0
	Minor (reclaiming a frame) page faults: 5904
	Voluntary context switches: 751
	Involuntary context switches: 110
	Swaps: 0
	File system inputs: 0
	File system outputs: 8
	Socket messages sent: 0
	Socket messages received: 0
	Signals delivered: 0
	Page size (bytes): 4096
	Exit status: 0
