Threads=1
LoadTime(s)=0.0194842
CODE_EXECUTION_TIME(s)=1.2096
RESULT=16713192
Throughput=1.38171e+07
VertexSetAllocated=0.00 Bytes
MiniGraphAllocated=91.08 KB
	Command being timed: "./bin/runner 1 /home/williamp/thesis_data/snap_format/dblp/"
	User time (seconds): 1.21
	System time (seconds): 0.02
	Percent of CPU this job got: 100%
	Elapsed (wall clock) time (h:mm:ss or m:ss): 0:01.23
	Average shared text size (kbytes): 0
	Average unshared data size (kbytes): 0
	Average stack size (kbytes): 0
	Average total size (kbytes): 0
	Maximum resident set size (kbytes): 21416
	Average resident set size (kbytes): 0
	Major (requiring I/O) page faults: 0
	Minor (reclaiming a frame) page faults: 7358
	Voluntary context switches: 2
	Involuntary context switches: 1
	Swaps: 0
	File system inputs: 0
	File system outputs: 8
	Socket messages sent: 0
	Socket messages received: 0
	Signals delivered: 0
	Page size (bytes): 4096
	Exit status: 0
