Threads=4
LoadTime(s)=0.0196272
CODE_EXECUTION_TIME(s)=0.300035
RESULT=16713192
Throughput=5.57042e+07
VertexSetAllocated=0.00 Bytes
MiniGraphAllocated=555.08 KB
	Command being timed: "./bin/runner 4 /home/williamp/thesis_data/snap_format/dblp/"
	User time (seconds): 1.19
	System time (seconds): 0.02
	Percent of CPU this job got: 374%
	Elapsed (wall clock) time (h:mm:ss or m:ss): 0:00.32
	Average shared text size (kbytes): 0
	Average unshared data size (kbytes): 0
	Average stack size (kbytes): 0
	Average total size (kbytes): 0
	Maximum resident set size (kbytes): 21792
	Average resident set size (kbytes): 0
	Major (requiring I/O) page faults: 0
	Minor (reclaiming a frame) page faults: 4422
	Voluntary context switches: 7
	Involuntary context switches: 3
	Swaps: 0
	File system inputs: 0
	File system outputs: 8
	Socket messages sent: 0
	Socket messages received: 0
	Signals delivered: 0
	Page size (bytes): 4096
	Exit status: 0
