Threads=64
LoadTime(s)=0.0173123
CODE_EXECUTION_TIME(s)=0.135167
RESULT=96615211
Throughput=7.14784e+08
VertexSetAllocated=4.07 MB
MiniGraphAllocated=11.70 MB
	Command being timed: "./bin/runner 64 /home/williamp/thesis_data/snap_format/dblp/"
	User time (seconds): 8.05
	System time (seconds): 0.16
	Percent of CPU this job got: 5169%
	Elapsed (wall clock) time (h:mm:ss or m:ss): 0:00.15
	Average shared text size (kbytes): 0
	Average unshared data size (kbytes): 0
	Average stack size (kbytes): 0
	Average total size (kbytes): 0
	Maximum resident set size (kbytes): 28236
	Average resident set size (kbytes): 0
	Major (requiring I/O) page faults: 0
	Minor (reclaiming a frame) page faults: 7855
	Voluntary context switches: 937
	Involuntary context switches: 655
	Swaps: 0
	File system inputs: 0
	File system outputs: 8
	Socket messages sent: 0
	Socket messages received: 0
	Signals delivered: 0
	Page size (bytes): 4096
	Exit status: 0
