Threads=1
LoadTime(s)=0.0187256
CODE_EXECUTION_TIME(s)=4.75046
RESULT=96615211
Throughput=2.03381e+07
VertexSetAllocated=65.20 KB
MiniGraphAllocated=230.09 KB
	Command being timed: "./bin/runner 1 /home/williamp/thesis_data/snap_format/dblp/"
	User time (seconds): 4.74
	System time (seconds): 0.03
	Percent of CPU this job got: 99%
	Elapsed (wall clock) time (h:mm:ss or m:ss): 0:04.77
	Average shared text size (kbytes): 0
	Average unshared data size (kbytes): 0
	Average stack size (kbytes): 0
	Average total size (kbytes): 0
	Maximum resident set size (kbytes): 21252
	Average resident set size (kbytes): 0
	Major (requiring I/O) page faults: 0
	Minor (reclaiming a frame) page faults: 9805
	Voluntary context switches: 2
	Involuntary context switches: 11
	Swaps: 0
	File system inputs: 0
	File system outputs: 8
	Socket messages sent: 0
	Socket messages received: 0
	Signals delivered: 0
	Page size (bytes): 4096
	Exit status: 0
