Threads=32
LoadTime(s)=0.0182261
CODE_EXECUTION_TIME(s)=0.213304
RESULT=252447350
Throughput=1.18351e+09
VertexSetAllocated=4.07 MB
MiniGraphAllocated=0.00 Bytes
	Command being timed: "./bin/runner 32 /home/williamp/thesis_data/snap_format/dblp/"
	User time (seconds): 6.54
	System time (seconds): 0.04
	Percent of CPU this job got: 2777%
	Elapsed (wall clock) time (h:mm:ss or m:ss): 0:00.23
	Average shared text size (kbytes): 0
	Average unshared data size (kbytes): 0
	Average stack size (kbytes): 0
	Average total size (kbytes): 0
	Maximum resident set size (kbytes): 23292
	Average resident set size (kbytes): 0
	Major (requiring I/O) page faults: 0
	Minor (reclaiming a frame) page faults: 4765
	Voluntary context switches: 291
	Involuntary context switches: 16
	Swaps: 0
	File system inputs: 0
	File system outputs: 8
	Socket messages sent: 0
	Socket messages received: 0
	Signals delivered: 0
	Page size (bytes): 4096
	Exit status: 0
