Threads=64
LoadTime(s)=0.0193723
CODE_EXECUTION_TIME(s)=0.0554527
RESULT=16713192
Throughput=3.01396e+08
VertexSetAllocated=0.00 Bytes
MiniGraphAllocated=4.27 MB
	Command being timed: "./bin/runner 64 /home/williamp/thesis_data/snap_format/dblp/"
	User time (seconds): 2.73
	System time (seconds): 0.29
	Percent of CPU this job got: 3704%
	Elapsed (wall clock) time (h:mm:ss or m:ss): 0:00.08
	Average shared text size (kbytes): 0
	Average unshared data size (kbytes): 0
	Average stack size (kbytes): 0
	Average total size (kbytes): 0
	Maximum resident set size (kbytes): 27648
	Average resident set size (kbytes): 0
	Major (requiring I/O) page faults: 0
	Minor (reclaiming a frame) page faults: 5879
	Voluntary context switches: 786
	Involuntary context switches: 16
	Swaps: 0
	File system inputs: 0
	File system outputs: 8
	Socket messages sent: 0
	Socket messages received: 0
	Signals delivered: 0
	Page size (bytes): 4096
	Exit status: 0
