Threads=32
LoadTime(s)=0.0179432
CODE_EXECUTION_TIME(s)=0.19875
RESULT=96615211
Throughput=4.86115e+08
VertexSetAllocated=2.04 MB
MiniGraphAllocated=6.78 MB
	Command being timed: "./bin/runner 32 /home/williamp/thesis_data/snap_format/dblp/"
	User time (seconds): 6.27
	System time (seconds): 0.03
	Percent of CPU this job got: 2816%
	Elapsed (wall clock) time (h:mm:ss or m:ss): 0:00.22
	Average shared text size (kbytes): 0
	Average unshared data size (kbytes): 0
	Average stack size (kbytes): 0
	Average total size (kbytes): 0
	Maximum resident set size (kbytes): 24840
	Average resident set size (kbytes): 0
	Major (requiring I/O) page faults: 0
	Minor (reclaiming a frame) page faults: 6292
	Voluntary context switches: 352
	Involuntary context switches: 6
	Swaps: 0
	File system inputs: 0
	File system outputs: 8
	Socket messages sent: 0
	Socket messages received: 0
	Signals delivered: 0
	Page size (bytes): 4096
	Exit status: 0
