Threads=4
LoadTime(s)=0.0396127
CODE_EXECUTION_TIME(s)=1.12158
RESULT=4986965
Throughput=4.44639e+06
VertexSetAllocated=0.00 Bytes
MiniGraphAllocated=401.95 KB
	Command being timed: "./bin/runner 4 /home/williamp/thesis_data/snap_format/youtube/"
	User time (seconds): 4.48
	System time (seconds): 0.05
	Percent of CPU this job got: 386%
	Elapsed (wall clock) time (h:mm:ss or m:ss): 0:01.17
	Average shared text size (kbytes): 0
	Average unshared data size (kbytes): 0
	Average stack size (kbytes): 0
	Average total size (kbytes): 0
	Maximum resident set size (kbytes): 56136
	Average resident set size (kbytes): 0
	Major (requiring I/O) page faults: 0
	Minor (reclaiming a frame) page faults: 16407
	Voluntary context switches: 7
	Involuntary context switches: 9
	Swaps: 0
	File system inputs: 0
	File system outputs: 8
	Socket messages sent: 0
	Socket messages received: 0
	Signals delivered: 0
	Page size (bytes): 4096
	Exit status: 0
