Threads=64
LoadTime(s)=0.0615407
CODE_EXECUTION_TIME(s)=0.0725459
RESULT=10746270
Throughput=1.48131e+08
VertexSetAllocated=7.50 KB
MiniGraphAllocated=0.00 Bytes
	Command being timed: "./bin/runner 64 /home/williamp/thesis_data/snap_format/roadNet-CA/"
	User time (seconds): 4.08
	System time (seconds): 0.16
	Percent of CPU this job got: 2931%
	Elapsed (wall clock) time (h:mm:ss or m:ss): 0:00.14
	Average shared text size (kbytes): 0
	Average unshared data size (kbytes): 0
	Average stack size (kbytes): 0
	Average total size (kbytes): 0
	Maximum resident set size (kbytes): 76360
	Average resident set size (kbytes): 0
	Major (requiring I/O) page faults: 0
	Minor (reclaiming a frame) page faults: 18029
	Voluntary context switches: 521
	Involuntary context switches: 9
	Swaps: 0
	File system inputs: 0
	File system outputs: 8
	Socket messages sent: 0
	Socket messages received: 0
	Signals delivered: 0
	Page size (bytes): 4096
	Exit status: 0
