Threads=32
LoadTime(s)=0.0595737
CODE_EXECUTION_TIME(s)=0.0944132
RESULT=10746270
Throughput=1.13822e+08
VertexSetAllocated=3.75 KB
MiniGraphAllocated=0.00 Bytes
	Command being timed: "./bin/runner 32 /home/williamp/thesis_data/snap_format/roadNet-CA/"
	User time (seconds): 2.84
	System time (seconds): 0.09
	Percent of CPU this job got: 1792%
	Elapsed (wall clock) time (h:mm:ss or m:ss): 0:00.16
	Average shared text size (kbytes): 0
	Average unshared data size (kbytes): 0
	Average stack size (kbytes): 0
	Average total size (kbytes): 0
	Maximum resident set size (kbytes): 74840
	Average resident set size (kbytes): 0
	Major (requiring I/O) page faults: 0
	Minor (reclaiming a frame) page faults: 17634
	Voluntary context switches: 234
	Involuntary context switches: 5
	Swaps: 0
	File system inputs: 0
	File system outputs: 8
	Socket messages sent: 0
	Socket messages received: 0
	Signals delivered: 0
	Page size (bytes): 4096
	Exit status: 0
