Threads=32
LoadTime(s)=0.0609253
CODE_EXECUTION_TIME(s)=0.0968839
RESULT=10746270
Throughput=1.10919e+08
VertexSetAllocated=3.75 KB
MiniGraphAllocated=0.00 Bytes
	Command being timed: "./bin/runner 32 /home/williamp/thesis_data/snap_format/roadNet-CA/"
	User time (seconds): 2.94
	System time (seconds): 0.10
	Percent of CPU this job got: 1814%
	Elapsed (wall clock) time (h:mm:ss or m:ss): 0:00.16
	Average shared text size (kbytes): 0
	Average unshared data size (kbytes): 0
	Average stack size (kbytes): 0
	Average total size (kbytes): 0
	Maximum resident set size (kbytes): 74872
	Average resident set size (kbytes): 0
	Major (requiring I/O) page faults: 0
	Minor (reclaiming a frame) page faults: 17653
	Voluntary context switches: 245
	Involuntary context switches: 7
	Swaps: 0
	File system inputs: 0
	File system outputs: 8
	Socket messages sent: 0
	Socket messages received: 0
	Signals delivered: 0
	Page size (bytes): 4096
	Exit status: 0
