Threads=64
LoadTime(s)=0.00416217
CODE_EXECUTION_TIME(s)=0.174526
RESULT=375691411
Throughput=2.15264e+09
VertexSetAllocated=8.66 MB
MiniGraphAllocated=12.25 MB
	Command being timed: "./bin/runner 64 /home/williamp/thesis_data/snap_format/enron/"
	User time (seconds): 10.27
	System time (seconds): 0.16
	Percent of CPU this job got: 5519%
	Elapsed (wall clock) time (h:mm:ss or m:ss): 0:00.18
	Average shared text size (kbytes): 0
	Average unshared data size (kbytes): 0
	Average stack size (kbytes): 0
	Average total size (kbytes): 0
	Maximum resident set size (kbytes): 21340
	Average resident set size (kbytes): 0
	Major (requiring I/O) page faults: 0
	Minor (reclaiming a frame) page faults: 4725
	Voluntary context switches: 1095
	Involuntary context switches: 11
	Swaps: 0
	File system inputs: 0
	File system outputs: 8
	Socket messages sent: 0
	Socket messages received: 0
	Signals delivered: 0
	Page size (bytes): 4096
	Exit status: 0
