Threads=16
LoadTime(s)=0.00370366
CODE_EXECUTION_TIME(s)=1.37016
RESULT=1371828020
Throughput=1.00122e+09
VertexSetAllocated=4.33 MB
MiniGraphAllocated=0.00 Bytes
	Command being timed: "./bin/runner 16 /home/williamp/thesis_data/snap_format/enron/"
	User time (seconds): 21.87
	System time (seconds): 0.01
	Percent of CPU this job got: 1586%
	Elapsed (wall clock) time (h:mm:ss or m:ss): 0:01.38
	Average shared text size (kbytes): 0
	Average unshared data size (kbytes): 0
	Average stack size (kbytes): 0
	Average total size (kbytes): 0
	Maximum resident set size (kbytes): 8660
	Average resident set size (kbytes): 0
	Major (requiring I/O) page faults: 1
	Minor (reclaiming a frame) page faults: 1913
	Voluntary context switches: 236
	Involuntary context switches: 28
	Swaps: 0
	File system inputs: 0
	File system outputs: 16
	Socket messages sent: 0
	Socket messages received: 0
	Signals delivered: 0
	Page size (bytes): 4096
	Exit status: 0
