Threads=1
LoadTime(s)=0.00404945
CODE_EXECUTION_TIME(s)=6.22232
RESULT=375691411
Throughput=6.0378e+07
VertexSetAllocated=138.63 KB
MiniGraphAllocated=566.79 KB
	Command being timed: "./bin/runner 1 /home/williamp/thesis_data/snap_format/enron/"
	User time (seconds): 6.21
	System time (seconds): 0.01
	Percent of CPU this job got: 99%
	Elapsed (wall clock) time (h:mm:ss or m:ss): 0:06.23
	Average shared text size (kbytes): 0
	Average unshared data size (kbytes): 0
	Average stack size (kbytes): 0
	Average total size (kbytes): 0
	Maximum resident set size (kbytes): 8048
	Average resident set size (kbytes): 0
	Major (requiring I/O) page faults: 0
	Minor (reclaiming a frame) page faults: 2686
	Voluntary context switches: 2
	Involuntary context switches: 9
	Swaps: 0
	File system inputs: 0
	File system outputs: 24
	Socket messages sent: 0
	Socket messages received: 0
	Signals delivered: 0
	Page size (bytes): 4096
	Exit status: 0
