Threads=64
LoadTime(s)=0.00421123
CODE_EXECUTION_TIME(s)=0.522169
RESULT=1371828020
Throughput=2.62717e+09
VertexSetAllocated=17.33 MB
MiniGraphAllocated=0.00 Bytes
	Command being timed: "./bin/runner 64 /home/williamp/thesis_data/snap_format/enron/"
	User time (seconds): 29.72
	System time (seconds): 0.18
	Percent of CPU this job got: 5611%
	Elapsed (wall clock) time (h:mm:ss or m:ss): 0:00.53
	Average shared text size (kbytes): 0
	Average unshared data size (kbytes): 0
	Average stack size (kbytes): 0
	Average total size (kbytes): 0
	Maximum resident set size (kbytes): 11320
	Average resident set size (kbytes): 0
	Major (requiring I/O) page faults: 0
	Minor (reclaiming a frame) page faults: 1902
	Voluntary context switches: 1005
	Involuntary context switches: 431
	Swaps: 0
	File system inputs: 0
	File system outputs: 8
	Socket messages sent: 0
	Socket messages received: 0
	Signals delivered: 0
	Page size (bytes): 4096
	Exit status: 0
