Threads=32
LoadTime(s)=0.00397353
CODE_EXECUTION_TIME(s)=0.804583
RESULT=1371828020
Throughput=1.70502e+09
VertexSetAllocated=8.66 MB
MiniGraphAllocated=0.00 Bytes
	Command being timed: "./bin/runner 32 /home/williamp/thesis_data/snap_format/enron/"
	User time (seconds): 24.43
	System time (seconds): 0.09
	Percent of CPU this job got: 3006%
	Elapsed (wall clock) time (h:mm:ss or m:ss): 0:00.81
	Average shared text size (kbytes): 0
	Average unshared data size (kbytes): 0
	Average stack size (kbytes): 0
	Average total size (kbytes): 0
	Maximum resident set size (kbytes): 9308
	Average resident set size (kbytes): 0
	Major (requiring I/O) page faults: 0
	Minor (reclaiming a frame) page faults: 1424
	Voluntary context switches: 438
	Involuntary context switches: 40
	Swaps: 0
	File system inputs: 0
	File system outputs: 8
	Socket messages sent: 0
	Socket messages received: 0
	Signals delivered: 0
	Page size (bytes): 4096
	Exit status: 0
