Threads=4
LoadTime(s)=0.0040374
CODE_EXECUTION_TIME(s)=4.87353
RESULT=1371828020
Throughput=2.81486e+08
VertexSetAllocated=1.08 MB
MiniGraphAllocated=0.00 Bytes
	Command being timed: "./bin/runner 4 /home/williamp/thesis_data/snap_format/enron/"
	User time (seconds): 19.49
	System time (seconds): 0.00
	Percent of CPU this job got: 399%
	Elapsed (wall clock) time (h:mm:ss or m:ss): 0:04.88
	Average shared text size (kbytes): 0
	Average unshared data size (kbytes): 0
	Average stack size (kbytes): 0
	Average total size (kbytes): 0
	Maximum resident set size (kbytes): 7976
	Average resident set size (kbytes): 0
	Major (requiring I/O) page faults: 0
	Minor (reclaiming a frame) page faults: 1974
	Voluntary context switches: 10
	Involuntary context switches: 16
	Swaps: 0
	File system inputs: 0
	File system outputs: 24
	Socket messages sent: 0
	Socket messages received: 0
	Signals delivered: 0
	Page size (bytes): 4096
	Exit status: 0
