Threads=32
LoadTime(s)=0.0191857
CODE_EXECUTION_TIME(s)=0.198146
RESULT=96615211
Throughput=4.87597e+08
VertexSetAllocated=2.04 MB
MiniGraphAllocated=6.66 MB
	Command being timed: "./bin/runner 32 /home/williamp/thesis_data/snap_format/dblp/"
	User time (seconds): 6.18
	System time (seconds): 0.04
	Percent of CPU this job got: 2791%
	Elapsed (wall clock) time (h:mm:ss or m:ss): 0:00.22
	Average shared text size (kbytes): 0
	Average unshared data size (kbytes): 0
	Average stack size (kbytes): 0
	Average total size (kbytes): 0
	Maximum resident set size (kbytes): 28336
	Average resident set size (kbytes): 0
	Major (requiring I/O) page faults: 0
	Minor (reclaiming a frame) page faults: 6283
	Voluntary context switches: 271
	Involuntary context switches: 5
	Swaps: 0
	File system inputs: 0
	File system outputs: 8
	Socket messages sent: 0
	Socket messages received: 0
	Signals delivered: 0
	Page size (bytes): 4096
	Exit status: 0
