Threads=4
LoadTime(s)=0.0382351
CODE_EXECUTION_TIME(s)=42.563
RESULT=12371157628
Throughput=2.90655e+08
VertexSetAllocated=5.52 MB
MiniGraphAllocated=11.79 MB
	Command being timed: "./bin/runner 4 /home/williamp/thesis_data/snap_format/youtube/"
	User time (seconds): 162.88
	System time (seconds): 0.11
	Percent of CPU this job got: 382%
	Elapsed (wall clock) time (h:mm:ss or m:ss): 0:42.61
	Average shared text size (kbytes): 0
	Average unshared data size (kbytes): 0
	Average stack size (kbytes): 0
	Average total size (kbytes): 0
	Maximum resident set size (kbytes): 66280
	Average resident set size (kbytes): 0
	Major (requiring I/O) page faults: 0
	Minor (reclaiming a frame) page faults: 48456
	Voluntary context switches: 38
	Involuntary context switches: 381
	Swaps: 0
	File system inputs: 0
	File system outputs: 24
	Socket messages sent: 0
	Socket messages received: 0
	Signals delivered: 0
	Page size (bytes): 4096
	Exit status: 0
