Threads=64
LoadTime(s)=0.0358602
CODE_EXECUTION_TIME(s)=7.22361
RESULT=12371157628
Throughput=1.7126e+09
VertexSetAllocated=88.29 MB
MiniGraphAllocated=37.92 MB
	Command being timed: "./bin/runner 64 /home/williamp/thesis_data/snap_format/youtube/"
	User time (seconds): 219.85
	System time (seconds): 0.30
	Percent of CPU this job got: 3025%
	Elapsed (wall clock) time (h:mm:ss or m:ss): 0:07.27
	Average shared text size (kbytes): 0
	Average unshared data size (kbytes): 0
	Average stack size (kbytes): 0
	Average total size (kbytes): 0
	Maximum resident set size (kbytes): 99548
	Average resident set size (kbytes): 0
	Major (requiring I/O) page faults: 0
	Minor (reclaiming a frame) page faults: 31171
	Voluntary context switches: 2871
	Involuntary context switches: 1000
	Swaps: 0
	File system inputs: 0
	File system outputs: 24
	Socket messages sent: 0
	Socket messages received: 0
	Signals delivered: 0
	Page size (bytes): 4096
	Exit status: 0
