Threads=32
LoadTime(s)=0.0259869
CODE_EXECUTION_TIME(s)=10.8492
RESULT=12371157628
Throughput=1.14028e+09
VertexSetAllocated=44.15 MB
MiniGraphAllocated=27.36 MB
	Command being timed: "./bin/runner 32 /home/williamp/thesis_data/snap_format/youtube/"
	User time (seconds): 225.11
	System time (seconds): 0.47
	Percent of CPU this job got: 2071%
	Elapsed (wall clock) time (h:mm:ss or m:ss): 0:10.89
	Average shared text size (kbytes): 0
	Average unshared data size (kbytes): 0
	Average stack size (kbytes): 0
	Average total size (kbytes): 0
	Maximum resident set size (kbytes): 84064
	Average resident set size (kbytes): 0
	Major (requiring I/O) page faults: 0
	Minor (reclaiming a frame) page faults: 40202
	Voluntary context switches: 559
	Involuntary context switches: 59598
	Swaps: 0
	File system inputs: 0
	File system outputs: 8
	Socket messages sent: 0
	Socket messages received: 0
	Signals delivered: 0
	Page size (bytes): 4096
	Exit status: 0
