Threads=32
LoadTime(s)=0.016804
CODE_EXECUTION_TIME(s)=0.508175
RESULT=4816095
Throughput=9.47723e+06
VertexSetAllocated=8.15 MB
MiniGraphAllocated=11.77 MB
	Command being timed: "./bin/runner 32 /home/williamp/thesis_data/snap_format/dblp/"
	User time (seconds): 16.02
	System time (seconds): 0.02
	Percent of CPU this job got: 3011%
	Elapsed (wall clock) time (h:mm:ss or m:ss): 0:00.53
	Average shared text size (kbytes): 0
	Average unshared data size (kbytes): 0
	Average stack size (kbytes): 0
	Average total size (kbytes): 0
	Maximum resident set size (kbytes): 29200
	Average resident set size (kbytes): 0
	Major (requiring I/O) page faults: 4
	Minor (reclaiming a frame) page faults: 7237
	Voluntary context switches: 461
	Involuntary context switches: 27
	Swaps: 0
	File system inputs: 0
	File system outputs: 8
	Socket messages sent: 0
	Socket messages received: 0
	Signals delivered: 0
	Page size (bytes): 4096
	Exit status: 0
