Threads=64
LoadTime(s)=0.0168964
CODE_EXECUTION_TIME(s)=0.340811
RESULT=4816095
Throughput=1.41313e+07
VertexSetAllocated=16.30 MB
MiniGraphAllocated=21.17 MB
	Command being timed: "./bin/runner 64 /home/williamp/thesis_data/snap_format/dblp/"
	User time (seconds): 20.61
	System time (seconds): 0.06
	Percent of CPU this job got: 5664%
	Elapsed (wall clock) time (h:mm:ss or m:ss): 0:00.36
	Average shared text size (kbytes): 0
	Average unshared data size (kbytes): 0
	Average stack size (kbytes): 0
	Average total size (kbytes): 0
	Maximum resident set size (kbytes): 41412
	Average resident set size (kbytes): 0
	Major (requiring I/O) page faults: 0
	Minor (reclaiming a frame) page faults: 9763
	Voluntary context switches: 1833
	Involuntary context switches: 15
	Swaps: 0
	File system inputs: 0
	File system outputs: 8
	Socket messages sent: 0
	Socket messages received: 0
	Signals delivered: 0
	Page size (bytes): 4096
	Exit status: 0
