Threads=64
LoadTime(s)=0.0176798
CODE_EXECUTION_TIME(s)=0.340629
RESULT=4816095
Throughput=1.41388e+07
VertexSetAllocated=16.30 MB
MiniGraphAllocated=21.37 MB
	Command being timed: "./bin/runner 64 /home/williamp/thesis_data/snap_format/dblp/"
	User time (seconds): 20.57
	System time (seconds): 0.19
	Percent of CPU this job got: 5689%
	Elapsed (wall clock) time (h:mm:ss or m:ss): 0:00.36
	Average shared text size (kbytes): 0
	Average unshared data size (kbytes): 0
	Average stack size (kbytes): 0
	Average total size (kbytes): 0
	Maximum resident set size (kbytes): 41180
	Average resident set size (kbytes): 0
	Major (requiring I/O) page faults: 0
	Minor (reclaiming a frame) page faults: 9778
	Voluntary context switches: 2045
	Involuntary context switches: 20
	Swaps: 0
	File system inputs: 0
	File system outputs: 8
	Socket messages sent: 0
	Socket messages received: 0
	Signals delivered: 0
	Page size (bytes): 4096
	Exit status: 0
