Threads=4
LoadTime(s)=0.0168278
CODE_EXECUTION_TIME(s)=3.38516
RESULT=4816095
Throughput=1.42271e+06
VertexSetAllocated=1.02 MB
MiniGraphAllocated=1.47 MB
	Command being timed: "./bin/runner 4 /home/williamp/thesis_data/snap_format/dblp/"
	User time (seconds): 13.53
	System time (seconds): 0.02
	Percent of CPU this job got: 397%
	Elapsed (wall clock) time (h:mm:ss or m:ss): 0:03.40
	Average shared text size (kbytes): 0
	Average unshared data size (kbytes): 0
	Average stack size (kbytes): 0
	Average total size (kbytes): 0
	Maximum resident set size (kbytes): 22032
	Average resident set size (kbytes): 0
	Major (requiring I/O) page faults: 0
	Minor (reclaiming a frame) page faults: 10342
	Voluntary context switches: 18
	Involuntary context switches: 18
	Swaps: 0
	File system inputs: 0
	File system outputs: 8
	Socket messages sent: 0
	Socket messages received: 0
	Signals delivered: 0
	Page size (bytes): 4096
	Exit status: 0
