Threads=1
LoadTime(s)=0.0165724
CODE_EXECUTION_TIME(s)=12.9096
RESULT=4816095
Throughput=373064
VertexSetAllocated=260.80 KB
MiniGraphAllocated=344.45 KB
	Command being timed: "./bin/runner 1 /home/williamp/thesis_data/snap_format/dblp/"
	User time (seconds): 12.91
	System time (seconds): 0.02
	Percent of CPU this job got: 99%
	Elapsed (wall clock) time (h:mm:ss or m:ss): 0:12.93
	Average shared text size (kbytes): 0
	Average unshared data size (kbytes): 0
	Average stack size (kbytes): 0
	Average total size (kbytes): 0
	Maximum resident set size (kbytes): 21016
	Average resident set size (kbytes): 0
	Major (requiring I/O) page faults: 5
	Minor (reclaiming a frame) page faults: 14909
	Voluntary context switches: 4
	Involuntary context switches: 21
	Swaps: 0
	File system inputs: 344
	File system outputs: 24
	Socket messages sent: 0
	Socket messages received: 0
	Signals delivered: 0
	Page size (bytes): 4096
	Exit status: 0
