Threads=16
LoadTime(s)=0.0171669
CODE_EXECUTION_TIME(s)=0.947931
RESULT=4816095
Throughput=5.08064e+06
VertexSetAllocated=4.07 MB
MiniGraphAllocated=6.15 MB
	Command being timed: "./bin/runner 16 /home/williamp/thesis_data/snap_format/dblp/"
	User time (seconds): 15.10
	System time (seconds): 0.03
	Percent of CPU this job got: 1555%
	Elapsed (wall clock) time (h:mm:ss or m:ss): 0:00.97
	Average shared text size (kbytes): 0
	Average unshared data size (kbytes): 0
	Average stack size (kbytes): 0
	Average total size (kbytes): 0
	Maximum resident set size (kbytes): 25140
	Average resident set size (kbytes): 0
	Major (requiring I/O) page faults: 0
	Minor (reclaiming a frame) page faults: 5765
	Voluntary context switches: 138
	Involuntary context switches: 20
	Swaps: 0
	File system inputs: 0
	File system outputs: 8
	Socket messages sent: 0
	Socket messages received: 0
	Signals delivered: 0
	Page size (bytes): 4096
	Exit status: 0
