Threads=16
LoadTime(s)=0.0163006
CODE_EXECUTION_TIME(s)=0.363267
RESULT=96615211
Throughput=2.65962e+08
VertexSetAllocated=1.02 MB
MiniGraphAllocated=3.53 MB
	Command being timed: "./bin/runner 16 /home/williamp/thesis_data/snap_format/dblp/"
	User time (seconds): 5.75
	System time (seconds): 0.03
	Percent of CPU this job got: 1497%
	Elapsed (wall clock) time (h:mm:ss or m:ss): 0:00.38
	Average shared text size (kbytes): 0
	Average unshared data size (kbytes): 0
	Average stack size (kbytes): 0
	Average total size (kbytes): 0
	Maximum resident set size (kbytes): 23532
	Average resident set size (kbytes): 0
	Major (requiring I/O) page faults: 0
	Minor (reclaiming a frame) page faults: 5319
	Voluntary context switches: 136
	Involuntary context switches: 8
	Swaps: 0
	File system inputs: 0
	File system outputs: 8
	Socket messages sent: 0
	Socket messages received: 0
	Signals delivered: 0
	Page size (bytes): 4096
	Exit status: 0
