Threads=32
LoadTime(s)=0.0176309
CODE_EXECUTION_TIME(s)=0.0636926
RESULT=16713192
Throughput=2.62404e+08
VertexSetAllocated=0.00 Bytes
MiniGraphAllocated=2.55 MB
	Command being timed: "./bin/runner 32 /home/williamp/thesis_data/snap_format/dblp/"
	User time (seconds): 1.80
	System time (seconds): 0.09
	Percent of CPU this job got: 2134%
	Elapsed (wall clock) time (h:mm:ss or m:ss): 0:00.08
	Average shared text size (kbytes): 0
	Average unshared data size (kbytes): 0
	Average stack size (kbytes): 0
	Average total size (kbytes): 0
	Maximum resident set size (kbytes): 25060
	Average resident set size (kbytes): 0
	Major (requiring I/O) page faults: 0
	Minor (reclaiming a frame) page faults: 5226
	Voluntary context switches: 288
	Involuntary context switches: 2
	Swaps: 0
	File system inputs: 0
	File system outputs: 8
	Socket messages sent: 0
	Socket messages received: 0
	Signals delivered: 0
	Page size (bytes): 4096
	Exit status: 0
