Threads=64
LoadTime(s)=0.0195483
CODE_EXECUTION_TIME(s)=0.159972
RESULT=258570802
Throughput=1.61635e+09
VertexSetAllocated=4.07 MB
MiniGraphAllocated=4.97 MB
	Command being timed: "./bin/runner 64 /home/williamp/thesis_data/snap_format/dblp/"
	User time (seconds): 9.53
	System time (seconds): 0.14
	Percent of CPU this job got: 5206%
	Elapsed (wall clock) time (h:mm:ss or m:ss): 0:00.18
	Average shared text size (kbytes): 0
	Average unshared data size (kbytes): 0
	Average stack size (kbytes): 0
	Average total size (kbytes): 0
	Maximum resident set size (kbytes): 29112
	Average resident set size (kbytes): 0
	Major (requiring I/O) page faults: 0
	Minor (reclaiming a frame) page faults: 6274
	Voluntary context switches: 755
	Involuntary context switches: 585
	Swaps: 0
	File system inputs: 0
	File system outputs: 8
	Socket messages sent: 0
	Socket messages received: 0
	Signals delivered: 0
	Page size (bytes): 4096
	Exit status: 0
