Threads=1
LoadTime(s)=0.0191307
CODE_EXECUTION_TIME(s)=5.60827
RESULT=258570802
Throughput=4.61052e+07
VertexSetAllocated=65.20 KB
MiniGraphAllocated=145.33 KB
	Command being timed: "./bin/runner 1 /home/williamp/thesis_data/snap_format/dblp/"
	User time (seconds): 5.60
	System time (seconds): 0.02
	Percent of CPU this job got: 99%
	Elapsed (wall clock) time (h:mm:ss or m:ss): 0:05.63
	Average shared text size (kbytes): 0
	Average unshared data size (kbytes): 0
	Average stack size (kbytes): 0
	Average total size (kbytes): 0
	Maximum resident set size (kbytes): 21416
	Average resident set size (kbytes): 0
	Major (requiring I/O) page faults: 0
	Minor (reclaiming a frame) page faults: 10974
	Voluntary context switches: 2
	Involuntary context switches: 14
	Swaps: 0
	File system inputs: 0
	File system outputs: 8
	Socket messages sent: 0
	Socket messages received: 0
	Signals delivered: 0
	Page size (bytes): 4096
	Exit status: 0
