Threads=32
LoadTime(s)=0.0192095
CODE_EXECUTION_TIME(s)=0.237551
RESULT=258570802
Throughput=1.08849e+09
VertexSetAllocated=2.04 MB
MiniGraphAllocated=2.47 MB
	Command being timed: "./bin/runner 32 /home/williamp/thesis_data/snap_format/dblp/"
	User time (seconds): 7.38
	System time (seconds): 0.07
	Percent of CPU this job got: 2838%
	Elapsed (wall clock) time (h:mm:ss or m:ss): 0:00.26
	Average shared text size (kbytes): 0
	Average unshared data size (kbytes): 0
	Average stack size (kbytes): 0
	Average total size (kbytes): 0
	Maximum resident set size (kbytes): 25092
	Average resident set size (kbytes): 0
	Major (requiring I/O) page faults: 0
	Minor (reclaiming a frame) page faults: 5283
	Voluntary context switches: 306
	Involuntary context switches: 27
	Swaps: 0
	File system inputs: 0
	File system outputs: 8
	Socket messages sent: 0
	Socket messages received: 0
	Signals delivered: 0
	Page size (bytes): 4096
	Exit status: 0
