Threads=16
LoadTime(s)=0.0204302
CODE_EXECUTION_TIME(s)=0.0977798
RESULT=16713192
Throughput=1.70927e+08
VertexSetAllocated=0.00 Bytes
MiniGraphAllocated=1.38 MB
	Command being timed: "./bin/runner 16 /home/williamp/thesis_data/snap_format/dblp/"
	User time (seconds): 1.48
	System time (seconds): 0.06
	Percent of CPU this job got: 1225%
	Elapsed (wall clock) time (h:mm:ss or m:ss): 0:00.12
	Average shared text size (kbytes): 0
	Average unshared data size (kbytes): 0
	Average stack size (kbytes): 0
	Average total size (kbytes): 0
	Maximum resident set size (kbytes): 23308
	Average resident set size (kbytes): 0
	Major (requiring I/O) page faults: 0
	Minor (reclaiming a frame) page faults: 4770
	Voluntary context switches: 146
	Involuntary context switches: 0
	Swaps: 0
	File system inputs: 0
	File system outputs: 8
	Socket messages sent: 0
	Socket messages received: 0
	Signals delivered: 0
	Page size (bytes): 4096
	Exit status: 0
