Threads=64
LoadTime(s)=0.0197913
CODE_EXECUTION_TIME(s)=0.138142
RESULT=96615211
Throughput=6.99389e+08
VertexSetAllocated=4.07 MB
MiniGraphAllocated=13.37 MB
	Command being timed: "./bin/runner 64 /home/williamp/thesis_data/snap_format/dblp/"
	User time (seconds): 8.14
	System time (seconds): 0.15
	Percent of CPU this job got: 4999%
	Elapsed (wall clock) time (h:mm:ss or m:ss): 0:00.16
	Average shared text size (kbytes): 0
	Average unshared data size (kbytes): 0
	Average stack size (kbytes): 0
	Average total size (kbytes): 0
	Maximum resident set size (kbytes): 35520
	Average resident set size (kbytes): 0
	Major (requiring I/O) page faults: 0
	Minor (reclaiming a frame) page faults: 8316
	Voluntary context switches: 875
	Involuntary context switches: 7
	Swaps: 0
	File system inputs: 0
	File system outputs: 8
	Socket messages sent: 0
	Socket messages received: 0
	Signals delivered: 0
	Page size (bytes): 4096
	Exit status: 0
