Threads=64
LoadTime(s)=0.0198787
CODE_EXECUTION_TIME(s)=0.0977535
RESULT=4764685
Throughput=4.87419e+07
VertexSetAllocated=0.00 Bytes
MiniGraphAllocated=11.82 MB
	Command being timed: "./bin/runner 64 /home/williamp/thesis_data/snap_format/dblp/"
	User time (seconds): 5.44
	System time (seconds): 0.31
	Percent of CPU this job got: 4608%
	Elapsed (wall clock) time (h:mm:ss or m:ss): 0:00.12
	Average shared text size (kbytes): 0
	Average unshared data size (kbytes): 0
	Average stack size (kbytes): 0
	Average total size (kbytes): 0
	Maximum resident set size (kbytes): 34288
	Average resident set size (kbytes): 0
	Major (requiring I/O) page faults: 0
	Minor (reclaiming a frame) page faults: 7952
	Voluntary context switches: 749
	Involuntary context switches: 15
	Swaps: 0
	File system inputs: 0
	File system outputs: 8
	Socket messages sent: 0
	Socket messages received: 0
	Signals delivered: 0
	Page size (bytes): 4096
	Exit status: 0
