Threads=64
LoadTime(s)=0.0195534
CODE_EXECUTION_TIME(s)=0.0533472
RESULT=16713192
Throughput=3.13291e+08
VertexSetAllocated=0.00 Bytes
MiniGraphAllocated=4.22 MB
	Command being timed: "./bin/runner 64 /home/williamp/thesis_data/snap_format/dblp/"
	User time (seconds): 2.75
	System time (seconds): 0.14
	Percent of CPU this job got: 3615%
	Elapsed (wall clock) time (h:mm:ss or m:ss): 0:00.08
	Average shared text size (kbytes): 0
	Average unshared data size (kbytes): 0
	Average stack size (kbytes): 0
	Average total size (kbytes): 0
	Maximum resident set size (kbytes): 27704
	Average resident set size (kbytes): 0
	Major (requiring I/O) page faults: 0
	Minor (reclaiming a frame) page faults: 5887
	Voluntary context switches: 604
	Involuntary context switches: 9
	Swaps: 0
	File system inputs: 0
	File system outputs: 8
	Socket messages sent: 0
	Socket messages received: 0
	Signals delivered: 0
	Page size (bytes): 4096
	Exit status: 0
