Threads=16
LoadTime(s)=0.019603
CODE_EXECUTION_TIME(s)=0.380889
RESULT=252447350
Throughput=6.62784e+08
VertexSetAllocated=2.04 MB
MiniGraphAllocated=0.00 Bytes
	Command being timed: "./bin/runner 16 /home/williamp/thesis_data/snap_format/dblp/"
	User time (seconds): 6.04
	System time (seconds): 0.03
	Percent of CPU this job got: 1493%
	Elapsed (wall clock) time (h:mm:ss or m:ss): 0:00.40
	Average shared text size (kbytes): 0
	Average unshared data size (kbytes): 0
	Average stack size (kbytes): 0
	Average total size (kbytes): 0
	Maximum resident set size (kbytes): 22268
	Average resident set size (kbytes): 0
	Major (requiring I/O) page faults: 1
	Minor (reclaiming a frame) page faults: 4505
	Voluntary context switches: 135
	Involuntary context switches: 21
	Swaps: 0
	File system inputs: 0
	File system outputs: 8
	Socket messages sent: 0
	Socket messages received: 0
	Signals delivered: 0
	Page size (bytes): 4096
	Exit status: 0
