Threads=32
LoadTime(s)=0.0198069
CODE_EXECUTION_TIME(s)=0.135861
RESULT=4764685
Throughput=3.50703e+07
VertexSetAllocated=0.00 Bytes
MiniGraphAllocated=6.66 MB
	Command being timed: "./bin/runner 32 /home/williamp/thesis_data/snap_format/dblp/"
	User time (seconds): 4.12
	System time (seconds): 0.07
	Percent of CPU this job got: 2556%
	Elapsed (wall clock) time (h:mm:ss or m:ss): 0:00.16
	Average shared text size (kbytes): 0
	Average unshared data size (kbytes): 0
	Average stack size (kbytes): 0
	Average total size (kbytes): 0
	Maximum resident set size (kbytes): 26588
	Average resident set size (kbytes): 0
	Major (requiring I/O) page faults: 0
	Minor (reclaiming a frame) page faults: 6334
	Voluntary context switches: 344
	Involuntary context switches: 15
	Swaps: 0
	File system inputs: 0
	File system outputs: 8
	Socket messages sent: 0
	Socket messages received: 0
	Signals delivered: 0
	Page size (bytes): 4096
	Exit status: 0
